I'm sorry, but errors were detected in your script. Please correct the
errors listed below, and try again.


File "game/script.rpy", line 23: expected end of line
    window hide with dissolve
                ^

File "game/script.rpy", line 25: expected end of line
    window show with dissolve
                ^

Ren'Py Version: Ren'Py 8.3.1.24090601
Mon Mar 24 20:41:27 2025
